07:17:13.877 > [32mINFO  [0m| ??:??:?? 35 [NodeInfo] [32mSend our nodeinfo to mesh (wantReplies=0)
07:17:13.878 > [0m[32mINFO  [0m| ??:??:?? 35 [NodeInfo] [32mSend owner !49242450/Meshtastic 2450/2450
07:17:13.879 > [0m[34mDEBUG [0m| ??:??:?? 35 [NodeInfo] [34mPartially randomized packet id 224578085
07:17:13.881 > [0m[34mDEBUG [0m| ??:??:?? 35 [NodeInfo] [34mIgnore update from self
07:17:13.883 > [0m[34mDEBUG [0m| ??:??:?? 35 [NodeInfo] [34mhandleReceived(LOCAL) (id=0x0d62ca25 fr=0x49242450 to=0xffffffff, transport = 0, WantAck=0, HopLim=3 Ch=0x0 Portnum=4 priority=10)
07:17:13.885 > [0m[34mDEBUG [0m| ??:??:?? 35 [NodeInfo] [34mNo modules interested in portnum=4, src=LOCAL
07:17:13.887 > [0m[32mINFO  [0m| ??:??:?? 35 [NodeInfo] [32mPacket History - insert: Using new slot @uptime 35.404s TRACE NEW
07:17:13.889 > [0m[34mDEBUG [0m| ??:??:?? 35 [NodeInfo] [34mExpand short PSK #1
07:17:13.890 > [0m[34mDEBUG [0m| ??:??:?? 35 [NodeInfo] [34mUse AES128 key!
07:17:13.989 > [0m[34mDEBUG [0m| ??:??:?? 35 [NodeInfo] [34menqueue for send (id=0x0d62ca25 fr=0x49242450 to=0xffffffff, transport = 0, WantAck=0, HopLim=3 Ch=0x8 encrypted len=102 hopStart=3 relay=0x50 priority=10)
07:17:13.992 > [0m[34mDEBUG [0m| ??:??:?? 35 [NodeInfo] [34mtxGood=1,txRelay=0,rxGood=1,rxBad=0
07:17:13.994 > [0m[34mDEBUG [0m| ??:??:?? 35 [RadioIf] [34mStarted Tx (id=0x0d62ca25 fr=0x49242450 to=0xffffffff, transport = 0, WantAck=0, HopLim=3 Ch=0x8 encrypted len=102 hopStart=3 relay=0x50 priority=10)
07:17:14.181 > [0m[34mDEBUG [0m| ??:??:?? 35 [RadioIf] [34m0 packets remain in the TX queue
07:17:14.182 > [0m[34mDEBUG [0m| ??:??:?? 36 [RadioIf] [34mPacket TX: 1009ms
07:17:15.188 > [0m[34mDEBUG [0m| ??:??:?? 36 [RadioIf] [34mCompleted sending (id=0x0d62ca25 fr=0x49242450 to=0xffffffff, transport = 0, WantAck=0, HopLim=3 Ch=0x8 encrypted len=102 hopStart=3 relay=0x50 priority=10)
07:17:15.192 > [0m[34mDEBUG [0m| ??:??:?? 40 [RadioIf] [34mCorrected frequency offset: 18.406248
07:17:18.689 > [0m[34mDEBUG [0m| ??:??:?? 40 [RadioIf] [34mLora RX (id=0x0d62ca25 fr=0x49242450 to=0xffffffff, transport = 0, WantAck=0, HopLim=2 Ch=0x8 encrypted len=102 rxSNR=6 rxRSSI=-3 hopStart=3 relay=0xa2)
07:17:18.692 > [0m[34mDEBUG [0m| ??:??:?? 40 [RadioIf] [34mPacket RX: 1009ms
07:17:18.693 > [0m[34mDEBUG [0m| ??:??:?? 40 [Router] [34mRx someone rebroadcasting for us (id=0x0d62ca25 fr=0x49242450 to=0xffffffff, transport = 1, WantAck=0, HopLim=2 Ch=0x8 encrypted len=102 rxSNR=6 rxRSSI=-3 hop
07:17:18.702 > [0m[34mDEBUG [0m| ??:??:?? 40 [Router] [34mDidn't find pending packet
07:17:18.705 > [0m[32mINFO  [0m| ??:??:?? 40 [Router] [32mPacket History - insert: Reusing slot aged 4.817s TRACE MATCHED PACKET
07:17:18.706 > [0m[34mDEBUG [0m| ??:??:?? 40 [Router] [34mIgnore dupe incoming msg (id=0x0d62ca25 fr=0x49242450 to=0xffffffff, transport = 1, WantAck=0, HopLim=2 Ch=0x8 encrypted len=102 rxSNR=6 rxRSSI=-3 hopStart=3 
07:17:18.710 > [0m[34mDEBUG [0m| ??:??:?? 40 [Router] [34mcancelSending id=0xd62ca25, removed=0
07:17:18.711 > [0m[34mDEBUG [0m| ??:??:?? 40 [Router] [34mIncoming msg was filtered from 0x49242450
07:17:18.713 > [0m[32mINFO  [0m| ??:??:?? 45 [ExperimentModule] [32m dest: 1833769890, globalCounter:0, LEN(noded): 2 
07:17:23.878 > [0m[34mDEBUG [0m| ??:??:?? 45 [ExperimentModule] [34mPartially randomized packet id 614963750
07:17:23.879 > [0m[34mDEBUG [0m| ??:??:?? 45 [ExperimentModule] [34mIgnore update from self
07:17:23.881 > [0m[34mDEBUG [0m| ??:??:?? 45 [ExperimentModule] [34mlocalSend to channel 0
07:17:23.882 > [0m[32mINFO  [0m| ??:??:?? 45 [ExperimentModule] [32mPacket History - insert: Using new slot @uptime 45.399s TRACE NEW
07:17:23.885 > [0m[34mDEBUG [0m| ??:??:?? 45 [ExperimentModule] [34mSetting next hop for packet with dest 6d4d1ba2 to 0
07:17:23.886 > [0m[34mDEBUG [0m| ??:??:?? 45 [ExperimentModule] [34mUse PKI!
07:17:23.887 > [0m[34mDEBUG [0m| ??:??:?? 45 [ExperimentModule] [34mRandom nonce value: 120366971
07:17:23.888 > [0m[34mDEBUG [0m| ??:??:?? 45 [ExperimentModule] [34mAttempt encrypt with nonce:  26 9a a7 24 7b a7 2c 07 50 24 24 49 00
07:17:23.984 > 
07:17:23.984 > [0m[34mDEBUG [0m| ??:??:?? 45 [ExperimentModule] [34mAttempt encrypt with shared_key starting with:  c2 01 58 5c 28 5b e3 58
07:17:23.988 > 
07:17:23.988 > [0m[34mDEBUG [0m| ??:??:?? 45 [ExperimentModule] [34menqueue for send (id=0x24a79a26 fr=0x49242450 to=0x6d4d1ba2, transport = 0, WantAck=0, HopLim=3 Ch=0x0 encrypted len=53 hopStart=3 relay=0x50 priority=100)
07:17:23.991 > [0m[34mDEBUG [0m| ??:??:?? 45 [ExperimentModule] [34mtxGood=2,txRelay=0,rxGood=2,rxBad=0
07:17:23.993 > [0m[32mINFO  [0m| ??:??:?? 45 [ExperimentModule] [32mtophone queue status queue is full, discard oldest
07:17:23.994 > [0m[32mINFO  [0m| ??:??:?? 45 [ExperimentModule] [32mSent test packet 0 to 1833769890
07:17:23.996 > [0m[32mINFO  [0m| ??:??:?? 45 [ExperimentModule] [32mnb global packets: 1
07:17:23.997 > [0m[34mDEBUG [0m| ??:??:?? 45 [RadioIf] [34mStarted Tx (id=0x24a79a26 fr=0x49242450 to=0x6d4d1ba2, transport = 0, WantAck=0, HopLim=3 Ch=0x0 encrypted len=53 hopStart=3 relay=0x50 priority=100)
07:17:24.150 > [0m[34mDEBUG [0m| ??:??:?? 45 [RadioIf] [34m0 packets remain in the TX queue
07:17:24.152 > [0m[34mDEBUG [0m| ??:??:?? 46 [RadioIf] [34mPacket TX: 641ms
07:17:24.790 > [0m[34mDEBUG [0m| ??:??:?? 46 [RadioIf] [34mCompleted sending (id=0x24a79a26 fr=0x49242450 to=0x6d4d1ba2, transport = 0, WantAck=0, HopLim=3 Ch=0x0 encrypted len=53 hopStart=3 relay=0x50 priority=100)
07:17:24.793 > [0m